[r.mobirisesite.com/508342/assets/images/logopng-354x69c4b4.png]
[backblue.gif]
[fade.gif]
[index.html]
[r.mobirisesite.com/508342/assets/web/assets/mobirise-icons2/mobirise2.css]
[r.mobirisesite.com/508342/assets/bootstrap/css/bootstrap.min.css]
[r.mobirisesite.com/508342/assets/bootstrap/css/bootstrap-grid.min.css]
[r.mobirisesite.com/508342/assets/bootstrap/css/bootstrap-reboot.min.css]
[r.mobirisesite.com/508342/assets/parallax/jarallax.css]
[r.mobirisesite.com/508342/assets/animatecss/animate.css]
[r.mobirisesite.com/508342/assets/dropdown/css/style.css]
[r.mobirisesite.com/508342/assets/socicon/css/styles.css]
[r.mobirisesite.com/508342/assets/theme/css/style.css]
[r.mobirisesite.com/508342/assets/mobirise/css/mbr-additionalcb4f.css]
[r.mobirisesite.com/508342/assets/images/mockup-2400x1659c4b4.png]
[r.mobirisesite.com/508342/assets/images/11c4b4.jpg]
[r.mobirisesite.com/508342/assets/images/13c4b4.jpg]
[r.mobirisesite.com/508342/assets/images/gallery01c4b4.jpg]
[r.mobirisesite.com/508342/assets/images/gallery02c4b4.jpg]
[r.mobirisesite.com/508342/assets/images/gallery03c4b4.jpg]
[r.mobirisesite.com/508342/assets/images/gallery04c4b4.jpg]
[r.mobirisesite.com/508342/assets/bootstrap/js/bootstrap.bundle.min.js]
[r.mobirisesite.com/508342/assets/parallax/jarallax.js]
[r.mobirisesite.com/508342/assets/smoothscroll/smooth-scroll.js]
[r.mobirisesite.com/508342/assets/ytplayer/index.js]
[r.mobirisesite.com/508342/assets/dropdown/js/navbar-dropdown.js]
[r.mobirisesite.com/508342/assets/vimeoplayer/player.js]
[r.mobirisesite.com/508342/assets/scrollgallery/scroll-gallery.js]
[r.mobirisesite.com/508342/assets/mbr-switch-arrow/mbr-switch-arrow.js]
[r.mobirisesite.com/508342/assets/theme/js/script.js]
[v160dln4x8.mobirisesite.com/index.html]
[r.mobirisesite.com/508342/assets/formoid/formoid.min.js]
[r.mobirisesite.com/508342/assets/web/assets/mobirise-icons2/mobirise21e04.eot]
[r.mobirisesite.com/508342/assets/web/assets/mobirise-icons2/mobirise21e04.ttf]
[r.mobirisesite.com/508342/assets/web/assets/mobirise-icons2/mobirise21e04.woff]
[r.mobirisesite.com/508342/assets/web/assets/mobirise-icons2/mobirise2.css]
[r.mobirisesite.com/508342/assets/bootstrap/css/bootstrap.min.css]
[r.mobirisesite.com/508342/assets/bootstrap/css/bootstrap-grid.min.css]
[r.mobirisesite.com/508342/assets/bootstrap/css/bootstrap-reboot.min.css]
[r.mobirisesite.com/508342/assets/parallax/jarallax.css]
[r.mobirisesite.com/508342/assets/animatecss/animate.css]
[r.mobirisesite.com/508342/assets/dropdown/css/style.css]
[r.mobirisesite.com/508342/assets/socicon/css/styles.css]
[r.mobirisesite.com/508342/assets/theme/css/style.css]
[r.mobirisesite.com/508342/assets/web/assets/mobirise-icons2/mobirise21e04.svg]
[r.mobirisesite.com/508342/assets/images/background1c4b4.jpg]
[r.mobirisesite.com/508342/assets/images/mbr-1-1920x1280c4b4.jpg]
[r.mobirisesite.com/508342/assets/mobirise/css/mbr-additionalcb4f.css]
[r.mobirisesite.com/508342/assets/web/assets/mobirise-icons2/mobirise21e04.svg]
